[0.070s] DEBUG:colcon:Command line arguments: ['/usr/bin/colcon', 'build', '--packages-select', 'mobile_bot']
[0.070s] DEBUG:colcon:Parsed command line arguments: Namespace(log_base=None, log_level=None, verb_name='build', build_base='build', install_base='install', merge_install=False, symlink_install=False, test_result_base=None, continue_on_error=False, executor='parallel', parallel_workers=8, event_handlers=None, ignore_user_meta=False, metas=['./colcon.meta'], base_paths=['.'], packages_ignore=None, packages_ignore_regex=None, paths=None, packages_up_to=None, packages_up_to_regex=None, packages_above=None, packages_above_and_dependencies=None, packages_above_depth=None, packages_select_by_dep=None, packages_skip_by_dep=None, packages_skip_up_to=None, packages_select_build_failed=False, packages_skip_build_finished=False, packages_select_test_failures=False, packages_skip_test_passed=False, packages_select=['mobile_bot'], packages_skip=None, packages_select_regex=None, packages_skip_regex=None, packages_start=None, packages_end=None, allow_overriding=[], cmake_args=None, cmake_target=None, cmake_target_skip_unavailable=False, cmake_clean_cache=False, cmake_clean_first=False, cmake_force_configure=False, ament_cmake_args=None, catkin_cmake_args=None, catkin_skip_building_tests=False, verb_parser=<colcon_defaults.argument_parser.defaults.DefaultArgumentsDecorator object at 0x745c697725f0>, verb_extension=<colcon_core.verb.build.BuildVerb object at 0x745c698ac040>, main=<bound method BuildVerb.main of <colcon_core.verb.build.BuildVerb object at 0x745c698ac040>>)
[0.183s] Level 1:colcon.colcon_core.package_discovery:discover_packages(colcon_meta) check parameters
[0.183s] Level 1:colcon.colcon_core.package_discovery:discover_packages(recursive) check parameters
[0.183s] Level 1:colcon.colcon_core.package_discovery:discover_packages(ignore) check parameters
[0.183s] Level 1:colcon.colcon_core.package_discovery:discover_packages(path) check parameters
[0.183s] Level 1:colcon.colcon_core.package_discovery:discover_packages(colcon_meta) discover
[0.183s] Level 1:colcon.colcon_core.package_discovery:discover_packages(recursive) discover
[0.183s] INFO:colcon.colcon_core.package_discovery:Crawling recursively for packages in '/home/gryrna/Documents/ros2_ws/src/mobile_bot'
[0.183s] Level 1:colcon.colcon_core.package_identification:_identify(.) by extensions ['ignore', 'ignore_ament_install']
[0.183s] Level 1:colcon.colcon_core.package_identification:_identify(.) by extension 'ignore'
[0.183s] Level 1:colcon.colcon_core.package_identification:_identify(.) by extension 'ignore_ament_install'
[0.184s] Level 1:colcon.colcon_core.package_identification:_identify(.) by extensions ['colcon_pkg']
[0.184s] Level 1:colcon.colcon_core.package_identification:_identify(.) by extension 'colcon_pkg'
[0.184s] Level 1:colcon.colcon_core.package_identification:_identify(.) by extensions ['colcon_meta']
[0.184s] Level 1:colcon.colcon_core.package_identification:_identify(.) by extension 'colcon_meta'
[0.184s] Level 1:colcon.colcon_core.package_identification:_identify(.) by extensions ['ros']
[0.184s] Level 1:colcon.colcon_core.package_identification:_identify(.) by extension 'ros'
[0.193s] DEBUG:colcon.colcon_core.package_identification:Package '.' with type 'ros.ament_cmake' and name 'mobile_bot'
[0.193s] Level 1:colcon.colcon_core.package_discovery:discover_packages(recursive) using defaults
[0.193s] Level 1:colcon.colcon_core.package_discovery:discover_packages(ignore) discover
[0.193s] Level 1:colcon.colcon_core.package_discovery:discover_packages(ignore) using defaults
[0.193s] Level 1:colcon.colcon_core.package_discovery:discover_packages(path) discover
[0.193s] Level 1:colcon.colcon_core.package_discovery:discover_packages(path) using defaults
[0.213s] Level 1:colcon.colcon_core.package_discovery:discover_packages(prefix_path) check parameters
[0.213s] Level 1:colcon.colcon_core.package_discovery:discover_packages(prefix_path) discover
[0.214s] DEBUG:colcon.colcon_installed_package_information.package_discovery:Found 11 installed packages in /home/gryrna/Documents/ros2_ws/install
[0.215s] DEBUG:colcon.colcon_installed_package_information.package_discovery:Found 331 installed packages in /opt/ros/humble
[0.216s] Level 1:colcon.colcon_core.package_discovery:discover_packages(prefix_path) using defaults
[0.241s] Level 5:colcon.colcon_core.verb:set package 'mobile_bot' build argument 'cmake_args' from command line to 'None'
[0.241s] Level 5:colcon.colcon_core.verb:set package 'mobile_bot' build argument 'cmake_target' from command line to 'None'
[0.241s] Level 5:colcon.colcon_core.verb:set package 'mobile_bot' build argument 'cmake_target_skip_unavailable' from command line to 'False'
[0.241s] Level 5:colcon.colcon_core.verb:set package 'mobile_bot' build argument 'cmake_clean_cache' from command line to 'False'
[0.241s] Level 5:colcon.colcon_core.verb:set package 'mobile_bot' build argument 'cmake_clean_first' from command line to 'False'
[0.241s] Level 5:colcon.colcon_core.verb:set package 'mobile_bot' build argument 'cmake_force_configure' from command line to 'False'
[0.241s] Level 5:colcon.colcon_core.verb:set package 'mobile_bot' build argument 'ament_cmake_args' from command line to 'None'
[0.241s] Level 5:colcon.colcon_core.verb:set package 'mobile_bot' build argument 'catkin_cmake_args' from command line to 'None'
[0.241s] Level 5:colcon.colcon_core.verb:set package 'mobile_bot' build argument 'catkin_skip_building_tests' from command line to 'False'
[0.241s] DEBUG:colcon.colcon_core.verb:Building package 'mobile_bot' with the following arguments: {'ament_cmake_args': None, 'build_base': '/home/gryrna/Documents/ros2_ws/src/mobile_bot/build/mobile_bot', 'catkin_cmake_args': None, 'catkin_skip_building_tests': False, 'cmake_args': None, 'cmake_clean_cache': False, 'cmake_clean_first': False, 'cmake_force_configure': False, 'cmake_target': None, 'cmake_target_skip_unavailable': False, 'install_base': '/home/gryrna/Documents/ros2_ws/src/mobile_bot/install/mobile_bot', 'merge_install': False, 'path': '/home/gryrna/Documents/ros2_ws/src/mobile_bot', 'symlink_install': False, 'test_result_base': None}
[0.241s] INFO:colcon.colcon_core.executor:Executing jobs using 'parallel' executor
[0.242s] DEBUG:colcon.colcon_parallel_executor.executor.parallel:run_until_complete
[0.242s] INFO:colcon.colcon_ros.task.ament_cmake.build:Building ROS package in '/home/gryrna/Documents/ros2_ws/src/mobile_bot' with build type 'ament_cmake'
[0.242s] INFO:colcon.colcon_cmake.task.cmake.build:Building CMake package in '/home/gryrna/Documents/ros2_ws/src/mobile_bot'
[0.243s] INFO:colcon.colcon_core.plugin_system:Skipping extension 'colcon_core.shell.bat': Not used on non-Windows systems
[0.243s] INFO:colcon.colcon_core.shell:Skip shell extension 'powershell' for command environment: Not usable outside of PowerShell
[0.243s] DEBUG:colcon.colcon_core.shell:Skip shell extension 'dsv' for command environment
[0.256s] DEBUG:colcon.colcon_core.event_handler.log_command:Invoking command in '/home/gryrna/Documents/ros2_ws/src/mobile_bot/build/mobile_bot': CMAKE_PREFIX_PATH=${CMAKE_PREFIX_PATH}:/opt/ros/humble VIRTUAL_ENV_PROMPT=(.venv) /usr/bin/cmake --build /home/gryrna/Documents/ros2_ws/src/mobile_bot/build/mobile_bot -- -j8 -l8
[0.302s] DEBUG:colcon.colcon_core.event_handler.log_command:Invoked command in '/home/gryrna/Documents/ros2_ws/src/mobile_bot/build/mobile_bot' returned '0': CMAKE_PREFIX_PATH=${CMAKE_PREFIX_PATH}:/opt/ros/humble VIRTUAL_ENV_PROMPT=(.venv) /usr/bin/cmake --build /home/gryrna/Documents/ros2_ws/src/mobile_bot/build/mobile_bot -- -j8 -l8
[0.312s] DEBUG:colcon.colcon_core.event_handler.log_command:Invoking command in '/home/gryrna/Documents/ros2_ws/src/mobile_bot/build/mobile_bot': CMAKE_PREFIX_PATH=${CMAKE_PREFIX_PATH}:/opt/ros/humble VIRTUAL_ENV_PROMPT=(.venv) /usr/bin/cmake --install /home/gryrna/Documents/ros2_ws/src/mobile_bot/build/mobile_bot
[0.323s] Level 1:colcon.colcon_core.environment:create_environment_scripts_only(mobile_bot)
[0.323s] DEBUG:colcon.colcon_core.event_handler.log_command:Invoked command in '/home/gryrna/Documents/ros2_ws/src/mobile_bot/build/mobile_bot' returned '0': CMAKE_PREFIX_PATH=${CMAKE_PREFIX_PATH}:/opt/ros/humble VIRTUAL_ENV_PROMPT=(.venv) /usr/bin/cmake --install /home/gryrna/Documents/ros2_ws/src/mobile_bot/build/mobile_bot
[0.324s] Level 1:colcon.colcon_core.environment:checking '/home/gryrna/Documents/ros2_ws/src/mobile_bot/install/mobile_bot' for CMake module files
[0.325s] Level 1:colcon.colcon_core.environment:checking '/home/gryrna/Documents/ros2_ws/src/mobile_bot/install/mobile_bot' for CMake config files
[0.325s] Level 1:colcon.colcon_core.shell:create_environment_hook('mobile_bot', 'cmake_prefix_path')
[0.325s] INFO:colcon.colcon_core.shell:Creating environment hook '/home/gryrna/Documents/ros2_ws/src/mobile_bot/install/mobile_bot/share/mobile_bot/hook/cmake_prefix_path.ps1'
[0.326s] INFO:colcon.colcon_core.shell:Creating environment descriptor '/home/gryrna/Documents/ros2_ws/src/mobile_bot/install/mobile_bot/share/mobile_bot/hook/cmake_prefix_path.dsv'
[0.326s] INFO:colcon.colcon_core.shell:Creating environment hook '/home/gryrna/Documents/ros2_ws/src/mobile_bot/install/mobile_bot/share/mobile_bot/hook/cmake_prefix_path.sh'
[0.326s] Level 1:colcon.colcon_core.environment:checking '/home/gryrna/Documents/ros2_ws/src/mobile_bot/install/mobile_bot/bin'
[0.326s] Level 1:colcon.colcon_core.environment:checking '/home/gryrna/Documents/ros2_ws/src/mobile_bot/install/mobile_bot/lib/pkgconfig/mobile_bot.pc'
[0.327s] Level 1:colcon.colcon_core.environment:checking '/home/gryrna/Documents/ros2_ws/src/mobile_bot/install/mobile_bot/lib/python3.10/site-packages'
[0.327s] Level 1:colcon.colcon_core.environment:checking '/home/gryrna/Documents/ros2_ws/src/mobile_bot/install/mobile_bot/bin'
[0.327s] INFO:colcon.colcon_core.shell:Creating package script '/home/gryrna/Documents/ros2_ws/src/mobile_bot/install/mobile_bot/share/mobile_bot/package.ps1'
[0.327s] INFO:colcon.colcon_core.shell:Creating package descriptor '/home/gryrna/Documents/ros2_ws/src/mobile_bot/install/mobile_bot/share/mobile_bot/package.dsv'
[0.328s] INFO:colcon.colcon_core.shell:Creating package script '/home/gryrna/Documents/ros2_ws/src/mobile_bot/install/mobile_bot/share/mobile_bot/package.sh'
[0.328s] INFO:colcon.colcon_core.shell:Creating package script '/home/gryrna/Documents/ros2_ws/src/mobile_bot/install/mobile_bot/share/mobile_bot/package.bash'
[0.328s] INFO:colcon.colcon_core.shell:Creating package script '/home/gryrna/Documents/ros2_ws/src/mobile_bot/install/mobile_bot/share/mobile_bot/package.zsh'
[0.329s] Level 1:colcon.colcon_core.environment:create_file_with_runtime_dependencies(/home/gryrna/Documents/ros2_ws/src/mobile_bot/install/mobile_bot/share/colcon-core/packages/mobile_bot)
[0.329s] Level 1:colcon.colcon_core.environment:create_environment_scripts_only(mobile_bot)
[0.329s] Level 1:colcon.colcon_core.environment:checking '/home/gryrna/Documents/ros2_ws/src/mobile_bot/install/mobile_bot' for CMake module files
[0.330s] Level 1:colcon.colcon_core.environment:checking '/home/gryrna/Documents/ros2_ws/src/mobile_bot/install/mobile_bot' for CMake config files
[0.330s] Level 1:colcon.colcon_core.shell:create_environment_hook('mobile_bot', 'cmake_prefix_path')
[0.330s] INFO:colcon.colcon_core.shell:Creating environment hook '/home/gryrna/Documents/ros2_ws/src/mobile_bot/install/mobile_bot/share/mobile_bot/hook/cmake_prefix_path.ps1'
[0.330s] INFO:colcon.colcon_core.shell:Creating environment descriptor '/home/gryrna/Documents/ros2_ws/src/mobile_bot/install/mobile_bot/share/mobile_bot/hook/cmake_prefix_path.dsv'
[0.330s] INFO:colcon.colcon_core.shell:Creating environment hook '/home/gryrna/Documents/ros2_ws/src/mobile_bot/install/mobile_bot/share/mobile_bot/hook/cmake_prefix_path.sh'
[0.331s] Level 1:colcon.colcon_core.environment:checking '/home/gryrna/Documents/ros2_ws/src/mobile_bot/install/mobile_bot/bin'
[0.331s] Level 1:colcon.colcon_core.environment:checking '/home/gryrna/Documents/ros2_ws/src/mobile_bot/install/mobile_bot/lib/pkgconfig/mobile_bot.pc'
[0.331s] Level 1:colcon.colcon_core.environment:checking '/home/gryrna/Documents/ros2_ws/src/mobile_bot/install/mobile_bot/lib/python3.10/site-packages'
[0.331s] Level 1:colcon.colcon_core.environment:checking '/home/gryrna/Documents/ros2_ws/src/mobile_bot/install/mobile_bot/bin'
[0.331s] INFO:colcon.colcon_core.shell:Creating package script '/home/gryrna/Documents/ros2_ws/src/mobile_bot/install/mobile_bot/share/mobile_bot/package.ps1'
[0.331s] INFO:colcon.colcon_core.shell:Creating package descriptor '/home/gryrna/Documents/ros2_ws/src/mobile_bot/install/mobile_bot/share/mobile_bot/package.dsv'
[0.332s] INFO:colcon.colcon_core.shell:Creating package script '/home/gryrna/Documents/ros2_ws/src/mobile_bot/install/mobile_bot/share/mobile_bot/package.sh'
[0.332s] INFO:colcon.colcon_core.shell:Creating package script '/home/gryrna/Documents/ros2_ws/src/mobile_bot/install/mobile_bot/share/mobile_bot/package.bash'
[0.332s] INFO:colcon.colcon_core.shell:Creating package script '/home/gryrna/Documents/ros2_ws/src/mobile_bot/install/mobile_bot/share/mobile_bot/package.zsh'
[0.332s] Level 1:colcon.colcon_core.environment:create_file_with_runtime_dependencies(/home/gryrna/Documents/ros2_ws/src/mobile_bot/install/mobile_bot/share/colcon-core/packages/mobile_bot)
[0.332s] DEBUG:colcon.colcon_parallel_executor.executor.parallel:closing loop
[0.333s] DEBUG:colcon.colcon_parallel_executor.executor.parallel:loop closed
[0.333s] DEBUG:colcon.colcon_parallel_executor.executor.parallel:run_until_complete finished with '0'
[0.333s] DEBUG:colcon.colcon_core.event_reactor:joining thread
[0.336s] INFO:colcon.colcon_core.plugin_system:Skipping extension 'colcon_notification.desktop_notification.terminal_notifier': Not used on non-Darwin systems
[0.336s] INFO:colcon.colcon_core.plugin_system:Skipping extension 'colcon_notification.desktop_notification.win32': Not used on non-Windows systems
[0.336s] INFO:colcon.colcon_notification.desktop_notification:Sending desktop notification using 'notify2'
[0.342s] DEBUG:colcon.colcon_core.event_reactor:joined thread
[0.342s] INFO:colcon.colcon_core.shell:Creating prefix script '/home/gryrna/Documents/ros2_ws/src/mobile_bot/install/local_setup.ps1'
[0.343s] INFO:colcon.colcon_core.shell:Creating prefix util module '/home/gryrna/Documents/ros2_ws/src/mobile_bot/install/_local_setup_util_ps1.py'
[0.344s] INFO:colcon.colcon_core.shell:Creating prefix chain script '/home/gryrna/Documents/ros2_ws/src/mobile_bot/install/setup.ps1'
[0.345s] INFO:colcon.colcon_core.shell:Creating prefix script '/home/gryrna/Documents/ros2_ws/src/mobile_bot/install/local_setup.sh'
[0.346s] INFO:colcon.colcon_core.shell:Creating prefix util module '/home/gryrna/Documents/ros2_ws/src/mobile_bot/install/_local_setup_util_sh.py'
[0.346s] INFO:colcon.colcon_core.shell:Creating prefix chain script '/home/gryrna/Documents/ros2_ws/src/mobile_bot/install/setup.sh'
[0.348s] INFO:colcon.colcon_core.shell:Creating prefix script '/home/gryrna/Documents/ros2_ws/src/mobile_bot/install/local_setup.bash'
[0.348s] INFO:colcon.colcon_core.shell:Creating prefix chain script '/home/gryrna/Documents/ros2_ws/src/mobile_bot/install/setup.bash'
[0.349s] INFO:colcon.colcon_core.shell:Creating prefix script '/home/gryrna/Documents/ros2_ws/src/mobile_bot/install/local_setup.zsh'
[0.349s] INFO:colcon.colcon_core.shell:Creating prefix chain script '/home/gryrna/Documents/ros2_ws/src/mobile_bot/install/setup.zsh'
