[0.068s] DEBUG:colcon:Command line arguments: ['/usr/bin/colcon', 'build', '--packages-select', 'mobile_bot']
[0.068s] DEBUG:colcon:Parsed command line arguments: Namespace(log_base=None, log_level=None, verb_name='build', build_base='build', install_base='install', merge_install=False, symlink_install=False, test_result_base=None, continue_on_error=False, executor='parallel', parallel_workers=8, event_handlers=None, ignore_user_meta=False, metas=['./colcon.meta'], base_paths=['.'], packages_ignore=None, packages_ignore_regex=None, paths=None, packages_up_to=None, packages_up_to_regex=None, packages_above=None, packages_above_and_dependencies=None, packages_above_depth=None, packages_select_by_dep=None, packages_skip_by_dep=None, packages_skip_up_to=None, packages_select_build_failed=False, packages_skip_build_finished=False, packages_select_test_failures=False, packages_skip_test_passed=False, packages_select=['mobile_bot'], packages_skip=None, packages_select_regex=None, packages_skip_regex=None, packages_start=None, packages_end=None, allow_overriding=[], cmake_args=None, cmake_target=None, cmake_target_skip_unavailable=False, cmake_clean_cache=False, cmake_clean_first=False, cmake_force_configure=False, ament_cmake_args=None, catkin_cmake_args=None, catkin_skip_building_tests=False, verb_parser=<colcon_defaults.argument_parser.defaults.DefaultArgumentsDecorator object at 0x73aa3b66a5f0>, verb_extension=<colcon_core.verb.build.BuildVerb object at 0x73aa3b7a0040>, main=<bound method BuildVerb.main of <colcon_core.verb.build.BuildVerb object at 0x73aa3b7a0040>>)
[0.183s] Level 1:colcon.colcon_core.package_discovery:discover_packages(colcon_meta) check parameters
[0.183s] Level 1:colcon.colcon_core.package_discovery:discover_packages(recursive) check parameters
[0.183s] Level 1:colcon.colcon_core.package_discovery:discover_packages(ignore) check parameters
[0.183s] Level 1:colcon.colcon_core.package_discovery:discover_packages(path) check parameters
[0.183s] Level 1:colcon.colcon_core.package_discovery:discover_packages(colcon_meta) discover
[0.183s] Level 1:colcon.colcon_core.package_discovery:discover_packages(recursive) discover
[0.183s] INFO:colcon.colcon_core.package_discovery:Crawling recursively for packages in '/home/gryrna/Documents/ros2_ws/src/mobile_bot'
[0.183s] Level 1:colcon.colcon_core.package_identification:_identify(.) by extensions ['ignore', 'ignore_ament_install']
[0.183s] Level 1:colcon.colcon_core.package_identification:_identify(.) by extension 'ignore'
[0.183s] Level 1:colcon.colcon_core.package_identification:_identify(.) by extension 'ignore_ament_install'
[0.183s] Level 1:colcon.colcon_core.package_identification:_identify(.) by extensions ['colcon_pkg']
[0.183s] Level 1:colcon.colcon_core.package_identification:_identify(.) by extension 'colcon_pkg'
[0.183s] Level 1:colcon.colcon_core.package_identification:_identify(.) by extensions ['colcon_meta']
[0.183s] Level 1:colcon.colcon_core.package_identification:_identify(.) by extension 'colcon_meta'
[0.183s] Level 1:colcon.colcon_core.package_identification:_identify(.) by extensions ['ros']
[0.183s] Level 1:colcon.colcon_core.package_identification:_identify(.) by extension 'ros'
[0.192s] DEBUG:colcon.colcon_core.package_identification:Package '.' with type 'ros.ament_cmake' and name 'mobile_bot'
[0.193s] Level 1:colcon.colcon_core.package_discovery:discover_packages(recursive) using defaults
[0.193s] Level 1:colcon.colcon_core.package_discovery:discover_packages(ignore) discover
[0.193s] Level 1:colcon.colcon_core.package_discovery:discover_packages(ignore) using defaults
[0.193s] Level 1:colcon.colcon_core.package_discovery:discover_packages(path) discover
[0.193s] Level 1:colcon.colcon_core.package_discovery:discover_packages(path) using defaults
[0.212s] Level 1:colcon.colcon_core.package_discovery:discover_packages(prefix_path) check parameters
[0.212s] Level 1:colcon.colcon_core.package_discovery:discover_packages(prefix_path) discover
[0.214s] DEBUG:colcon.colcon_installed_package_information.package_discovery:Found 11 installed packages in /home/gryrna/Documents/ros2_ws/install
[0.215s] DEBUG:colcon.colcon_installed_package_information.package_discovery:Found 331 installed packages in /opt/ros/humble
[0.216s] Level 1:colcon.colcon_core.package_discovery:discover_packages(prefix_path) using defaults
[0.240s] Level 5:colcon.colcon_core.verb:set package 'mobile_bot' build argument 'cmake_args' from command line to 'None'
[0.240s] Level 5:colcon.colcon_core.verb:set package 'mobile_bot' build argument 'cmake_target' from command line to 'None'
[0.240s] Level 5:colcon.colcon_core.verb:set package 'mobile_bot' build argument 'cmake_target_skip_unavailable' from command line to 'False'
[0.240s] Level 5:colcon.colcon_core.verb:set package 'mobile_bot' build argument 'cmake_clean_cache' from command line to 'False'
[0.240s] Level 5:colcon.colcon_core.verb:set package 'mobile_bot' build argument 'cmake_clean_first' from command line to 'False'
[0.240s] Level 5:colcon.colcon_core.verb:set package 'mobile_bot' build argument 'cmake_force_configure' from command line to 'False'
[0.240s] Level 5:colcon.colcon_core.verb:set package 'mobile_bot' build argument 'ament_cmake_args' from command line to 'None'
[0.240s] Level 5:colcon.colcon_core.verb:set package 'mobile_bot' build argument 'catkin_cmake_args' from command line to 'None'
[0.240s] Level 5:colcon.colcon_core.verb:set package 'mobile_bot' build argument 'catkin_skip_building_tests' from command line to 'False'
[0.240s] DEBUG:colcon.colcon_core.verb:Building package 'mobile_bot' with the following arguments: {'ament_cmake_args': None, 'build_base': '/home/gryrna/Documents/ros2_ws/src/mobile_bot/build/mobile_bot', 'catkin_cmake_args': None, 'catkin_skip_building_tests': False, 'cmake_args': None, 'cmake_clean_cache': False, 'cmake_clean_first': False, 'cmake_force_configure': False, 'cmake_target': None, 'cmake_target_skip_unavailable': False, 'install_base': '/home/gryrna/Documents/ros2_ws/src/mobile_bot/install/mobile_bot', 'merge_install': False, 'path': '/home/gryrna/Documents/ros2_ws/src/mobile_bot', 'symlink_install': False, 'test_result_base': None}
[0.240s] INFO:colcon.colcon_core.executor:Executing jobs using 'parallel' executor
[0.241s] DEBUG:colcon.colcon_parallel_executor.executor.parallel:run_until_complete
[0.241s] INFO:colcon.colcon_ros.task.ament_cmake.build:Building ROS package in '/home/gryrna/Documents/ros2_ws/src/mobile_bot' with build type 'ament_cmake'
[0.241s] INFO:colcon.colcon_cmake.task.cmake.build:Building CMake package in '/home/gryrna/Documents/ros2_ws/src/mobile_bot'
[0.243s] INFO:colcon.colcon_core.plugin_system:Skipping extension 'colcon_core.shell.bat': Not used on non-Windows systems
[0.243s] INFO:colcon.colcon_core.shell:Skip shell extension 'powershell' for command environment: Not usable outside of PowerShell
[0.243s] DEBUG:colcon.colcon_core.shell:Skip shell extension 'dsv' for command environment
[0.264s] DEBUG:colcon.colcon_core.event_handler.log_command:Invoking command in '/home/gryrna/Documents/ros2_ws/src/mobile_bot/build/mobile_bot': CMAKE_PREFIX_PATH=${CMAKE_PREFIX_PATH}:/opt/ros/humble VIRTUAL_ENV_PROMPT=(.venv) /usr/bin/cmake /home/gryrna/Documents/ros2_ws/src/mobile_bot -DCMAKE_INSTALL_PREFIX=/home/gryrna/Documents/ros2_ws/src/mobile_bot/install/mobile_bot
[1.684s] DEBUG:colcon.colcon_core.event_handler.log_command:Invoked command in '/home/gryrna/Documents/ros2_ws/src/mobile_bot/build/mobile_bot' returned '0': CMAKE_PREFIX_PATH=${CMAKE_PREFIX_PATH}:/opt/ros/humble VIRTUAL_ENV_PROMPT=(.venv) /usr/bin/cmake /home/gryrna/Documents/ros2_ws/src/mobile_bot -DCMAKE_INSTALL_PREFIX=/home/gryrna/Documents/ros2_ws/src/mobile_bot/install/mobile_bot
[1.685s] DEBUG:colcon.colcon_core.event_handler.log_command:Invoking command in '/home/gryrna/Documents/ros2_ws/src/mobile_bot/build/mobile_bot': CMAKE_PREFIX_PATH=${CMAKE_PREFIX_PATH}:/opt/ros/humble VIRTUAL_ENV_PROMPT=(.venv) /usr/bin/cmake --build /home/gryrna/Documents/ros2_ws/src/mobile_bot/build/mobile_bot -- -j8 -l8
[1.734s] DEBUG:colcon.colcon_core.event_handler.log_command:Invoked command in '/home/gryrna/Documents/ros2_ws/src/mobile_bot/build/mobile_bot' returned '0': CMAKE_PREFIX_PATH=${CMAKE_PREFIX_PATH}:/opt/ros/humble VIRTUAL_ENV_PROMPT=(.venv) /usr/bin/cmake --build /home/gryrna/Documents/ros2_ws/src/mobile_bot/build/mobile_bot -- -j8 -l8
[1.746s] DEBUG:colcon.colcon_core.event_handler.log_command:Invoking command in '/home/gryrna/Documents/ros2_ws/src/mobile_bot/build/mobile_bot': CMAKE_PREFIX_PATH=${CMAKE_PREFIX_PATH}:/opt/ros/humble VIRTUAL_ENV_PROMPT=(.venv) /usr/bin/cmake --install /home/gryrna/Documents/ros2_ws/src/mobile_bot/build/mobile_bot
[1.758s] Level 1:colcon.colcon_core.environment:create_environment_scripts_only(mobile_bot)
[1.758s] DEBUG:colcon.colcon_core.event_handler.log_command:Invoked command in '/home/gryrna/Documents/ros2_ws/src/mobile_bot/build/mobile_bot' returned '0': CMAKE_PREFIX_PATH=${CMAKE_PREFIX_PATH}:/opt/ros/humble VIRTUAL_ENV_PROMPT=(.venv) /usr/bin/cmake --install /home/gryrna/Documents/ros2_ws/src/mobile_bot/build/mobile_bot
[1.760s] Level 1:colcon.colcon_core.environment:checking '/home/gryrna/Documents/ros2_ws/src/mobile_bot/install/mobile_bot' for CMake module files
[1.760s] Level 1:colcon.colcon_core.environment:checking '/home/gryrna/Documents/ros2_ws/src/mobile_bot/install/mobile_bot' for CMake config files
[1.760s] Level 1:colcon.colcon_core.shell:create_environment_hook('mobile_bot', 'cmake_prefix_path')
[1.760s] INFO:colcon.colcon_core.shell:Creating environment hook '/home/gryrna/Documents/ros2_ws/src/mobile_bot/install/mobile_bot/share/mobile_bot/hook/cmake_prefix_path.ps1'
[1.761s] INFO:colcon.colcon_core.shell:Creating environment descriptor '/home/gryrna/Documents/ros2_ws/src/mobile_bot/install/mobile_bot/share/mobile_bot/hook/cmake_prefix_path.dsv'
[1.761s] INFO:colcon.colcon_core.shell:Creating environment hook '/home/gryrna/Documents/ros2_ws/src/mobile_bot/install/mobile_bot/share/mobile_bot/hook/cmake_prefix_path.sh'
[1.762s] Level 1:colcon.colcon_core.environment:checking '/home/gryrna/Documents/ros2_ws/src/mobile_bot/install/mobile_bot/bin'
[1.762s] Level 1:colcon.colcon_core.environment:checking '/home/gryrna/Documents/ros2_ws/src/mobile_bot/install/mobile_bot/lib/pkgconfig/mobile_bot.pc'
[1.763s] Level 1:colcon.colcon_core.environment:checking '/home/gryrna/Documents/ros2_ws/src/mobile_bot/install/mobile_bot/lib/python3.10/site-packages'
[1.763s] Level 1:colcon.colcon_core.environment:checking '/home/gryrna/Documents/ros2_ws/src/mobile_bot/install/mobile_bot/bin'
[1.763s] INFO:colcon.colcon_core.shell:Creating package script '/home/gryrna/Documents/ros2_ws/src/mobile_bot/install/mobile_bot/share/mobile_bot/package.ps1'
[1.764s] INFO:colcon.colcon_core.shell:Creating package descriptor '/home/gryrna/Documents/ros2_ws/src/mobile_bot/install/mobile_bot/share/mobile_bot/package.dsv'
[1.764s] INFO:colcon.colcon_core.shell:Creating package script '/home/gryrna/Documents/ros2_ws/src/mobile_bot/install/mobile_bot/share/mobile_bot/package.sh'
[1.764s] INFO:colcon.colcon_core.shell:Creating package script '/home/gryrna/Documents/ros2_ws/src/mobile_bot/install/mobile_bot/share/mobile_bot/package.bash'
[1.765s] INFO:colcon.colcon_core.shell:Creating package script '/home/gryrna/Documents/ros2_ws/src/mobile_bot/install/mobile_bot/share/mobile_bot/package.zsh'
[1.765s] Level 1:colcon.colcon_core.environment:create_file_with_runtime_dependencies(/home/gryrna/Documents/ros2_ws/src/mobile_bot/install/mobile_bot/share/colcon-core/packages/mobile_bot)
[1.766s] Level 1:colcon.colcon_core.environment:create_environment_scripts_only(mobile_bot)
[1.766s] Level 1:colcon.colcon_core.environment:checking '/home/gryrna/Documents/ros2_ws/src/mobile_bot/install/mobile_bot' for CMake module files
[1.766s] Level 1:colcon.colcon_core.environment:checking '/home/gryrna/Documents/ros2_ws/src/mobile_bot/install/mobile_bot' for CMake config files
[1.766s] Level 1:colcon.colcon_core.shell:create_environment_hook('mobile_bot', 'cmake_prefix_path')
[1.767s] INFO:colcon.colcon_core.shell:Creating environment hook '/home/gryrna/Documents/ros2_ws/src/mobile_bot/install/mobile_bot/share/mobile_bot/hook/cmake_prefix_path.ps1'
[1.767s] INFO:colcon.colcon_core.shell:Creating environment descriptor '/home/gryrna/Documents/ros2_ws/src/mobile_bot/install/mobile_bot/share/mobile_bot/hook/cmake_prefix_path.dsv'
[1.767s] INFO:colcon.colcon_core.shell:Creating environment hook '/home/gryrna/Documents/ros2_ws/src/mobile_bot/install/mobile_bot/share/mobile_bot/hook/cmake_prefix_path.sh'
[1.768s] Level 1:colcon.colcon_core.environment:checking '/home/gryrna/Documents/ros2_ws/src/mobile_bot/install/mobile_bot/bin'
[1.768s] Level 1:colcon.colcon_core.environment:checking '/home/gryrna/Documents/ros2_ws/src/mobile_bot/install/mobile_bot/lib/pkgconfig/mobile_bot.pc'
[1.768s] Level 1:colcon.colcon_core.environment:checking '/home/gryrna/Documents/ros2_ws/src/mobile_bot/install/mobile_bot/lib/python3.10/site-packages'
[1.768s] Level 1:colcon.colcon_core.environment:checking '/home/gryrna/Documents/ros2_ws/src/mobile_bot/install/mobile_bot/bin'
[1.768s] INFO:colcon.colcon_core.shell:Creating package script '/home/gryrna/Documents/ros2_ws/src/mobile_bot/install/mobile_bot/share/mobile_bot/package.ps1'
[1.769s] INFO:colcon.colcon_core.shell:Creating package descriptor '/home/gryrna/Documents/ros2_ws/src/mobile_bot/install/mobile_bot/share/mobile_bot/package.dsv'
[1.769s] INFO:colcon.colcon_core.shell:Creating package script '/home/gryrna/Documents/ros2_ws/src/mobile_bot/install/mobile_bot/share/mobile_bot/package.sh'
[1.769s] INFO:colcon.colcon_core.shell:Creating package script '/home/gryrna/Documents/ros2_ws/src/mobile_bot/install/mobile_bot/share/mobile_bot/package.bash'
[1.769s] INFO:colcon.colcon_core.shell:Creating package script '/home/gryrna/Documents/ros2_ws/src/mobile_bot/install/mobile_bot/share/mobile_bot/package.zsh'
[1.769s] Level 1:colcon.colcon_core.environment:create_file_with_runtime_dependencies(/home/gryrna/Documents/ros2_ws/src/mobile_bot/install/mobile_bot/share/colcon-core/packages/mobile_bot)
[1.770s] DEBUG:colcon.colcon_parallel_executor.executor.parallel:closing loop
[1.770s] DEBUG:colcon.colcon_parallel_executor.executor.parallel:loop closed
[1.770s] DEBUG:colcon.colcon_parallel_executor.executor.parallel:run_until_complete finished with '0'
[1.770s] DEBUG:colcon.colcon_core.event_reactor:joining thread
[1.774s] INFO:colcon.colcon_core.plugin_system:Skipping extension 'colcon_notification.desktop_notification.terminal_notifier': Not used on non-Darwin systems
[1.774s] INFO:colcon.colcon_core.plugin_system:Skipping extension 'colcon_notification.desktop_notification.win32': Not used on non-Windows systems
[1.774s] INFO:colcon.colcon_notification.desktop_notification:Sending desktop notification using 'notify2'
[1.780s] DEBUG:colcon.colcon_core.event_reactor:joined thread
[1.781s] INFO:colcon.colcon_core.shell:Creating prefix script '/home/gryrna/Documents/ros2_ws/src/mobile_bot/install/local_setup.ps1'
[1.782s] INFO:colcon.colcon_core.shell:Creating prefix util module '/home/gryrna/Documents/ros2_ws/src/mobile_bot/install/_local_setup_util_ps1.py'
[1.783s] INFO:colcon.colcon_core.shell:Creating prefix chain script '/home/gryrna/Documents/ros2_ws/src/mobile_bot/install/setup.ps1'
[1.784s] INFO:colcon.colcon_core.shell:Creating prefix script '/home/gryrna/Documents/ros2_ws/src/mobile_bot/install/local_setup.sh'
[1.784s] INFO:colcon.colcon_core.shell:Creating prefix util module '/home/gryrna/Documents/ros2_ws/src/mobile_bot/install/_local_setup_util_sh.py'
[1.784s] INFO:colcon.colcon_core.shell:Creating prefix chain script '/home/gryrna/Documents/ros2_ws/src/mobile_bot/install/setup.sh'
[1.786s] INFO:colcon.colcon_core.shell:Creating prefix script '/home/gryrna/Documents/ros2_ws/src/mobile_bot/install/local_setup.bash'
[1.786s] INFO:colcon.colcon_core.shell:Creating prefix chain script '/home/gryrna/Documents/ros2_ws/src/mobile_bot/install/setup.bash'
[1.787s] INFO:colcon.colcon_core.shell:Creating prefix script '/home/gryrna/Documents/ros2_ws/src/mobile_bot/install/local_setup.zsh'
[1.787s] INFO:colcon.colcon_core.shell:Creating prefix chain script '/home/gryrna/Documents/ros2_ws/src/mobile_bot/install/setup.zsh'
