-- Install configuration: ""
-- Up-to-date: /home/gryrna/Documents/ros2_ws/src/mobile_bot/install/mobile_bot/share/mobile_bot/description
-- Up-to-date: /home/gryrna/Documents/ros2_ws/src/mobile_bot/install/mobile_bot/share/mobile_bot/description/depth_camera.xacro
-- Up-to-date: /home/gryrna/Documents/ros2_ws/src/mobile_bot/install/mobile_bot/share/mobile_bot/description/robot_structure.xacro
-- Up-to-date: /home/gryrna/Documents/ros2_ws/src/mobile_bot/install/mobile_bot/share/mobile_bot/description/lidar.xacro
-- Up-to-date: /home/gryrna/Documents/ros2_ws/src/mobile_bot/install/mobile_bot/share/mobile_bot/description/inertial_macros.xacro
-- Up-to-date: /home/gryrna/Documents/ros2_ws/src/mobile_bot/install/mobile_bot/share/mobile_bot/description/camera.xacro
-- Up-to-date: /home/gryrna/Documents/ros2_ws/src/mobile_bot/install/mobile_bot/share/mobile_bot/description/robot.urdf.xacro
-- Up-to-date: /home/gryrna/Documents/ros2_ws/src/mobile_bot/install/mobile_bot/share/mobile_bot/description/gazebo_control.xacro
-- Up-to-date: /home/gryrna/Documents/ros2_ws/src/mobile_bot/install/mobile_bot/share/mobile_bot/launch
-- Up-to-date: /home/gryrna/Documents/ros2_ws/src/mobile_bot/install/mobile_bot/share/mobile_bot/launch/rsp.launch.py
-- Up-to-date: /home/gryrna/Documents/ros2_ws/src/mobile_bot/install/mobile_bot/share/mobile_bot/launch/__pycache__
-- Up-to-date: /home/gryrna/Documents/ros2_ws/src/mobile_bot/install/mobile_bot/share/mobile_bot/launch/__pycache__/launch_sim.launch.cpython-310.pyc
-- Up-to-date: /home/gryrna/Documents/ros2_ws/src/mobile_bot/install/mobile_bot/share/mobile_bot/launch/launch_sim.launch.py
-- Up-to-date: /home/gryrna/Documents/ros2_ws/src/mobile_bot/install/mobile_bot/share/mobile_bot/worlds
-- Up-to-date: /home/gryrna/Documents/ros2_ws/src/mobile_bot/install/mobile_bot/share/mobile_bot/worlds/mobile_bot.world
-- Up-to-date: /home/gryrna/Documents/ros2_ws/src/mobile_bot/install/mobile_bot/share/mobile_bot/worlds/my_world.world
-- Up-to-date: /home/gryrna/Documents/ros2_ws/src/mobile_bot/install/mobile_bot/share/ament_index/resource_index/package_run_dependencies/mobile_bot
-- Up-to-date: /home/gryrna/Documents/ros2_ws/src/mobile_bot/install/mobile_bot/share/ament_index/resource_index/parent_prefix_path/mobile_bot
-- Up-to-date: /home/gryrna/Documents/ros2_ws/src/mobile_bot/install/mobile_bot/share/mobile_bot/environment/ament_prefix_path.sh
-- Up-to-date: /home/gryrna/Documents/ros2_ws/src/mobile_bot/install/mobile_bot/share/mobile_bot/environment/ament_prefix_path.dsv
-- Up-to-date: /home/gryrna/Documents/ros2_ws/src/mobile_bot/install/mobile_bot/share/mobile_bot/environment/path.sh
-- Up-to-date: /home/gryrna/Documents/ros2_ws/src/mobile_bot/install/mobile_bot/share/mobile_bot/environment/path.dsv
-- Up-to-date: /home/gryrna/Documents/ros2_ws/src/mobile_bot/install/mobile_bot/share/mobile_bot/local_setup.bash
-- Up-to-date: /home/gryrna/Documents/ros2_ws/src/mobile_bot/install/mobile_bot/share/mobile_bot/local_setup.sh
-- Up-to-date: /home/gryrna/Documents/ros2_ws/src/mobile_bot/install/mobile_bot/share/mobile_bot/local_setup.zsh
-- Up-to-date: /home/gryrna/Documents/ros2_ws/src/mobile_bot/install/mobile_bot/share/mobile_bot/local_setup.dsv
-- Up-to-date: /home/gryrna/Documents/ros2_ws/src/mobile_bot/install/mobile_bot/share/mobile_bot/package.dsv
-- Up-to-date: /home/gryrna/Documents/ros2_ws/src/mobile_bot/install/mobile_bot/share/ament_index/resource_index/packages/mobile_bot
-- Up-to-date: /home/gryrna/Documents/ros2_ws/src/mobile_bot/install/mobile_bot/share/mobile_bot/cmake/mobile_botConfig.cmake
-- Up-to-date: /home/gryrna/Documents/ros2_ws/src/mobile_bot/install/mobile_bot/share/mobile_bot/cmake/mobile_botConfig-version.cmake
-- Up-to-date: /home/gryrna/Documents/ros2_ws/src/mobile_bot/install/mobile_bot/share/mobile_bot/package.xml
