[0.022s] Invoking command in '/home/gryrna/Documents/ros2_ws/src/mobile_bot/build/mobile_bot': CMAKE_PREFIX_PATH=${CMAKE_PREFIX_PATH}:/opt/ros/humble VIRTUAL_ENV_PROMPT=(.venv) /usr/bin/cmake /home/gryrna/Documents/ros2_ws/src/mobile_bot -DCMAKE_INSTALL_PREFIX=/home/gryrna/Documents/ros2_ws/src/mobile_bot/install/mobile_bot
[0.132s] -- The C compiler identification is GNU 11.4.0
[0.210s] -- The CXX compiler identification is GNU 11.4.0
[0.221s] -- Detecting C compiler ABI info
[0.301s] -- Detecting C compiler ABI info - done
[0.306s] -- Check for working C compiler: /usr/bin/cc - skipped
[0.306s] -- Detecting C compile features
[0.307s] -- Detecting C compile features - done
[0.309s] -- Detecting CXX compiler ABI info
[0.398s] -- Detecting CXX compiler ABI info - done
[0.402s] -- Check for working CXX compiler: /usr/bin/c++ - skipped
[0.403s] -- Detecting CXX compile features
[0.403s] -- Detecting CXX compile features - done
[0.407s] -- Found ament_cmake: 1.3.11 (/opt/ros/humble/share/ament_cmake/cmake)
[0.523s] -- Found Python3: /home/gryrna/Documents/ros2_ws/src/mobile_bot/.venv/bin/python3 (found version "3.10.12") found components: Interpreter 
[0.611s] -- Found ament_lint_auto: 0.12.12 (/opt/ros/humble/share/ament_lint_auto/cmake)
[0.697s] -- Added test 'copyright' to check source files copyright and LICENSE
[0.886s] -- Added test 'cppcheck' to perform static code analysis on C / C++ code
[0.886s] -- Configured cppcheck include dirs: 
[0.886s] -- Configured cppcheck exclude dirs and/or files: 
[1.091s] -- Added test 'cpplint' to check C / C++ code against the Google style
[1.091s] -- Configured cpplint exclude dirs and/or files: 
[1.127s] -- Added test 'flake8' to check Python code syntax and style conventions
[1.176s] -- Added test 'lint_cmake' to check CMake code style
[1.202s] -- Added test 'pep257' to check Python code against some of the docstring style conventions in PEP 257
[1.400s] -- Added test 'uncrustify' to check C / C++ code style
[1.400s] -- Configured uncrustify additional arguments: 
[1.433s] -- Added test 'xmllint' to check XML markup files
[1.435s] -- Configuring done
[1.437s] -- Generating done
[1.439s] -- Build files have been written to: /home/gryrna/Documents/ros2_ws/src/mobile_bot/build/mobile_bot
[1.443s] Invoked command in '/home/gryrna/Documents/ros2_ws/src/mobile_bot/build/mobile_bot' returned '0': CMAKE_PREFIX_PATH=${CMAKE_PREFIX_PATH}:/opt/ros/humble VIRTUAL_ENV_PROMPT=(.venv) /usr/bin/cmake /home/gryrna/Documents/ros2_ws/src/mobile_bot -DCMAKE_INSTALL_PREFIX=/home/gryrna/Documents/ros2_ws/src/mobile_bot/install/mobile_bot
[1.444s] Invoking command in '/home/gryrna/Documents/ros2_ws/src/mobile_bot/build/mobile_bot': CMAKE_PREFIX_PATH=${CMAKE_PREFIX_PATH}:/opt/ros/humble VIRTUAL_ENV_PROMPT=(.venv) /usr/bin/cmake --build /home/gryrna/Documents/ros2_ws/src/mobile_bot/build/mobile_bot -- -j8 -l8
[1.493s] Invoked command in '/home/gryrna/Documents/ros2_ws/src/mobile_bot/build/mobile_bot' returned '0': CMAKE_PREFIX_PATH=${CMAKE_PREFIX_PATH}:/opt/ros/humble VIRTUAL_ENV_PROMPT=(.venv) /usr/bin/cmake --build /home/gryrna/Documents/ros2_ws/src/mobile_bot/build/mobile_bot -- -j8 -l8
[1.504s] Invoking command in '/home/gryrna/Documents/ros2_ws/src/mobile_bot/build/mobile_bot': CMAKE_PREFIX_PATH=${CMAKE_PREFIX_PATH}:/opt/ros/humble VIRTUAL_ENV_PROMPT=(.venv) /usr/bin/cmake --install /home/gryrna/Documents/ros2_ws/src/mobile_bot/build/mobile_bot
[1.513s] -- Install configuration: ""
[1.513s] -- Installing: /home/gryrna/Documents/ros2_ws/src/mobile_bot/install/mobile_bot/share/mobile_bot/description
[1.513s] -- Installing: /home/gryrna/Documents/ros2_ws/src/mobile_bot/install/mobile_bot/share/mobile_bot/description/depth_camera.xacro
[1.513s] -- Installing: /home/gryrna/Documents/ros2_ws/src/mobile_bot/install/mobile_bot/share/mobile_bot/description/robot_structure.xacro
[1.513s] -- Installing: /home/gryrna/Documents/ros2_ws/src/mobile_bot/install/mobile_bot/share/mobile_bot/description/lidar.xacro
[1.513s] -- Installing: /home/gryrna/Documents/ros2_ws/src/mobile_bot/install/mobile_bot/share/mobile_bot/description/inertial_macros.xacro
[1.513s] -- Installing: /home/gryrna/Documents/ros2_ws/src/mobile_bot/install/mobile_bot/share/mobile_bot/description/camera.xacro
[1.513s] -- Installing: /home/gryrna/Documents/ros2_ws/src/mobile_bot/install/mobile_bot/share/mobile_bot/description/robot.urdf.xacro
[1.513s] -- Installing: /home/gryrna/Documents/ros2_ws/src/mobile_bot/install/mobile_bot/share/mobile_bot/description/gazebo_control.xacro
[1.513s] -- Installing: /home/gryrna/Documents/ros2_ws/src/mobile_bot/install/mobile_bot/share/mobile_bot/launch
[1.513s] -- Installing: /home/gryrna/Documents/ros2_ws/src/mobile_bot/install/mobile_bot/share/mobile_bot/launch/rsp.launch.py
[1.513s] -- Installing: /home/gryrna/Documents/ros2_ws/src/mobile_bot/install/mobile_bot/share/mobile_bot/launch/__pycache__
[1.514s] -- Installing: /home/gryrna/Documents/ros2_ws/src/mobile_bot/install/mobile_bot/share/mobile_bot/launch/__pycache__/launch_sim.launch.cpython-310.pyc
[1.514s] -- Installing: /home/gryrna/Documents/ros2_ws/src/mobile_bot/install/mobile_bot/share/mobile_bot/launch/launch_sim.launch.py
[1.514s] -- Installing: /home/gryrna/Documents/ros2_ws/src/mobile_bot/install/mobile_bot/share/mobile_bot/worlds
[1.514s] -- Installing: /home/gryrna/Documents/ros2_ws/src/mobile_bot/install/mobile_bot/share/mobile_bot/worlds/new.world
[1.514s] -- Installing: /home/gryrna/Documents/ros2_ws/src/mobile_bot/install/mobile_bot/share/mobile_bot/worlds/mobile_bot.world
[1.514s] -- Installing: /home/gryrna/Documents/ros2_ws/src/mobile_bot/install/mobile_bot/share/mobile_bot/worlds/my_world.world
[1.514s] -- Installing: /home/gryrna/Documents/ros2_ws/src/mobile_bot/install/mobile_bot/share/mobile_bot/worlds/latest.world
[1.514s] -- Installing: /home/gryrna/Documents/ros2_ws/src/mobile_bot/install/mobile_bot/share/mobile_bot/worlds/empty.world
[1.514s] -- Installing: /home/gryrna/Documents/ros2_ws/src/mobile_bot/install/mobile_bot/share/ament_index/resource_index/package_run_dependencies/mobile_bot
[1.514s] -- Installing: /home/gryrna/Documents/ros2_ws/src/mobile_bot/install/mobile_bot/share/ament_index/resource_index/parent_prefix_path/mobile_bot
[1.514s] -- Installing: /home/gryrna/Documents/ros2_ws/src/mobile_bot/install/mobile_bot/share/mobile_bot/environment/ament_prefix_path.sh
[1.514s] -- Installing: /home/gryrna/Documents/ros2_ws/src/mobile_bot/install/mobile_bot/share/mobile_bot/environment/ament_prefix_path.dsv
[1.514s] -- Installing: /home/gryrna/Documents/ros2_ws/src/mobile_bot/install/mobile_bot/share/mobile_bot/environment/path.sh
[1.514s] -- Installing: /home/gryrna/Documents/ros2_ws/src/mobile_bot/install/mobile_bot/share/mobile_bot/environment/path.dsv
[1.515s] -- Installing: /home/gryrna/Documents/ros2_ws/src/mobile_bot/install/mobile_bot/share/mobile_bot/local_setup.bash
[1.515s] -- Installing: /home/gryrna/Documents/ros2_ws/src/mobile_bot/install/mobile_bot/share/mobile_bot/local_setup.sh
[1.515s] -- Installing: /home/gryrna/Documents/ros2_ws/src/mobile_bot/install/mobile_bot/share/mobile_bot/local_setup.zsh
[1.515s] -- Installing: /home/gryrna/Documents/ros2_ws/src/mobile_bot/install/mobile_bot/share/mobile_bot/local_setup.dsv
[1.515s] -- Installing: /home/gryrna/Documents/ros2_ws/src/mobile_bot/install/mobile_bot/share/mobile_bot/package.dsv
[1.515s] -- Installing: /home/gryrna/Documents/ros2_ws/src/mobile_bot/install/mobile_bot/share/ament_index/resource_index/packages/mobile_bot
[1.515s] -- Installing: /home/gryrna/Documents/ros2_ws/src/mobile_bot/install/mobile_bot/share/mobile_bot/cmake/mobile_botConfig.cmake
[1.515s] -- Installing: /home/gryrna/Documents/ros2_ws/src/mobile_bot/install/mobile_bot/share/mobile_bot/cmake/mobile_botConfig-version.cmake
[1.515s] -- Installing: /home/gryrna/Documents/ros2_ws/src/mobile_bot/install/mobile_bot/share/mobile_bot/package.xml
[1.517s] Invoked command in '/home/gryrna/Documents/ros2_ws/src/mobile_bot/build/mobile_bot' returned '0': CMAKE_PREFIX_PATH=${CMAKE_PREFIX_PATH}:/opt/ros/humble VIRTUAL_ENV_PROMPT=(.venv) /usr/bin/cmake --install /home/gryrna/Documents/ros2_ws/src/mobile_bot/build/mobile_bot
